<html>
<body>
<pre>
<h1>µVision Build Log</h1>
<h2>Tool Versions:</h2>
IDE-Version: µVision V5.39.0.0
Copyright (C) 2023 ARM Ltd and ARM Germany GmbH. All rights reserved.
License Information: Ajay J, MAL, LIC=----
 
Tool Versions:
Toolchain:       MDK-Lite  Version: 5.39.0.0
Toolchain Path:  C:\Keil_v5\ARM\ARMCLANG\Bin
C Compiler:      ArmClang.exe V6.21
Assembler:       Armasm.exe V6.21
Linker/Locator:  ArmLink.exe V6.21
Library Manager: ArmAr.exe V6.21
Hex Converter:   FromElf.exe V6.21
CPU DLL:         SARMCM3.DLL V5.39.0.0
Dialog DLL:      DCM.DLL V1.17.5.0
Target DLL:      STLink\ST-LINKIII-KEIL_SWO.dll V3.2.0.0
Dialog DLL:      TCM.DLL V1.56.4.0
 
<h2>Project:</h2>
C:\Users\Jajay\Documents\Embeded System\Kiel\Push_button_with_LED\Push_button_with_LED.uvprojx
Project File Date:  02/21/2024

<h2>Output:</h2>
*** Using Compiler 'V6.21', folder: 'C:\Keil_v5\ARM\ARMCLANG\Bin'
Build target 'Target 1'
Main.c(26): warning: mixing declarations and code is incompatible with standards before C99 [-Wdeclaration-after-statement]
   26 | GPIO_InitTypeDef myLEDConfig; //  Here myLEDConfig is a variable and then GPIO_InitTypeDef has its own definition which are the below 3 lines
      |                  ^
Main.c(41): warning: no newline at end of file [-Wnewline-eof]
   41 |         }
      |          ^
Main.c(36): warning: mixing declarations and code is incompatible with standards before C99 [-Wdeclaration-after-statement]
   36 |         GPIO_InitTypeDef pushbutton; //  Here pushbutton is a variable and then GPIO_InitTypeDef has its own definition which are the below 3 lines
      |                          ^
3 warnings generated.
compiling Main.c...
linking...
Program Size: Code=1668 RO-data=408 RW-data=0 ZI-data=1632  
".\Objects\Push_button_with_LED.axf" - 0 Error(s), 3 Warning(s).

<h2>Software Packages used:</h2>

Package Vendor: ARM
                https://www.keil.com/pack/ARM.CMSIS.6.0.0.pack
                ARM::CMSIS@6.0.0
                CMSIS (Common Microcontroller Software Interface Standard)
   * Component: CORE Version: 6.0.0

Package Vendor: Keil
                https://www.keil.com/pack/Keil.STM32F4xx_DFP.2.17.1.pack
                Keil::STM32F4xx_DFP@2.17.1
                STMicroelectronics STM32F4 Series Device Support, Drivers and Examples
   * Component: STM32Cube Framework Version: 1.0.0
   * Component: Classic Version: 1.8.1
   * Component: Common Version: 1.8.1
   * Component: Cortex Version: 1.8.1
   * Component: GPIO Version: 1.8.1
   * Component: PWR Version: 1.8.1
   * Component: RCC Version: 1.8.1
   * Component: Startup Version: 2.6.3

<h2>Collection of Component include folders:</h2>
  ./RTE/Device/STM32F407VGTx
  ./RTE/_Target_1
  C:/Users/Jajay/AppData/Local/Arm/Packs/ARM/CMSIS/6.0.0/CMSIS/Core/Include
  C:/Users/Jajay/AppData/Local/Arm/Packs/Keil/STM32F4xx_DFP/2.17.1/Drivers/CMSIS/Device/ST/STM32F4xx/Include
  C:/Users/Jajay/AppData/Local/Arm/Packs/Keil/STM32F4xx_DFP/2.17.1/Drivers/STM32F4xx_HAL_Driver/Inc

<h2>Collection of Component Files used:</h2>

   * Component: ::Device:STM32Cube Framework(API)@1.0.0

   * Component: ARM::CMSIS:CORE@6.0.0

   * Component: Keil::Device:STM32Cube Framework:Classic@1.8.1
      Source file:   MDK/Templates/Src/main.c
      Source file:   MDK/Templates/Src/stm32f4xx_hal_msp.c
      Include file:  MDK/Templates/Inc/main.h
      Include file:  MDK/Templates_LL/Inc/main.h
      Source file:   MDK/Templates/Src/stm32f4xx_it.c
      Source file:   MDK/Templates_LL/Src/main.c
      Include file:  MDK/Templates/Inc/stm32f4xx_hal_conf.h
      Include file:  CMSIS/Driver/Config/RTE_Device.h
      Include file:  MDK/Templates/Inc/stm32f4xx_it.h

   * Component: Keil::Device:STM32Cube HAL:Common@1.8.1
      Include file:  Drivers/STM32F4xx_HAL_Driver/Inc/stm32f4xx_hal.h
      Source file:   Drivers/STM32F4xx_HAL_Driver/Src/stm32f4xx_hal.c

   * Component: Keil::Device:STM32Cube HAL:Cortex@1.8.1
      Source file:   Drivers/STM32F4xx_HAL_Driver/Src/stm32f4xx_hal_cortex.c

   * Component: Keil::Device:STM32Cube HAL:GPIO@1.8.1
      Source file:   Drivers/STM32F4xx_HAL_Driver/Src/stm32f4xx_hal_gpio.c

   * Component: Keil::Device:STM32Cube HAL:PWR@1.8.1
      Source file:   Drivers/STM32F4xx_HAL_Driver/Src/stm32f4xx_hal_pwr.c
      Source file:   Drivers/STM32F4xx_HAL_Driver/Src/stm32f4xx_hal_pwr_ex.c

   * Component: Keil::Device:STM32Cube HAL:RCC@1.8.1
      Source file:   Drivers/STM32F4xx_HAL_Driver/Src/stm32f4xx_hal_rcc.c
      Source file:   Drivers/STM32F4xx_HAL_Driver/Src/stm32f4xx_hal_rcc_ex.c

   * Component: Keil::Device:Startup@2.6.3
      Source file:   Drivers/CMSIS/Device/ST/STM32F4xx/Source/Templates/system_stm32f4xx.c
      Source file:   MDK/Device/Source/ARM/STM32F40xxx_41xxx_OPT.s
      Source file:   MDK/Device/Source/ARM/STM32F4xx_OTP.s
      Include file:  Drivers/CMSIS/Device/ST/STM32F4xx/Include/stm32f4xx.h
      Source file:   Drivers/CMSIS/Device/ST/STM32F4xx/Source/Templates/arm/startup_stm32f407xx.s
Build Time Elapsed:  00:00:00
</pre>
</body>
</html>
